// Jest Snapshot v1, https://goo.gl/fbAQLP

exports[`CalculatorButtons snapshot 1`] = `
<DocumentFragment>
  <div
    class="calculator-grid"
  >
    <button
      type="button"
    >
      AC
    </button>
    <button
      type="button"
    >
      +/-
    </button>
    <button
      type="button"
    >
      %
    </button>
    <button
      class="oper"
      type="button"
    >
      รท
    </button>
    <button
      type="button"
    >
      7
    </button>
    <button
      type="button"
    >
      8
    </button>
    <button
      type="button"
    >
      9
    </button>
    <button
      class="oper"
    >
      x
    </button>
    <button
      type="button"
    >
      4
    </button>
    <button
      type="button"
    >
      5
    </button>
    <button
      type="button"
    >
      6
    </button>
    <button
      class="oper"
    >
      -
    </button>
    <button
      type="button"
    >
      1
    </button>
    <button
      type="button"
    >
      2
    </button>
    <button
      type="button"
    >
      3
    </button>
    <button
      class="oper"
    >
      +
    </button>
    <button
      class="span-two"
    >
      0
    </button>
    <button
      type="button"
    >
      .
    </button>
    <button
      class="oper"
      type="button"
    >
      =
    </button>
  </div>
</DocumentFragment>
`;
