// Jest Snapshot v1, https://goo.gl/fbAQLP

exports[`matches snapshot 1`] = `
<div>
  <div
    class="main-container"
  >
    <div
      class="desc"
    >
      <h1
        class="title"
      >
        LET'S DO SOME MATH
      </h1>
    </div>
    <div
      class="calculator"
    >
      <input
        class="calculator-screen"
        disabled=""
        type="text"
        value="0"
      />
      <div
        class="calculator-grid"
      >
        <button
          type="button"
        >
          AC
        </button>
        <button
          type="button"
        >
          +/-
        </button>
        <button
          type="button"
        >
          %
        </button>
        <button
          class="oper"
          type="button"
        >
          รท
        </button>
        <button
          type="button"
        >
          7
        </button>
        <button
          type="button"
        >
          8
        </button>
        <button
          type="button"
        >
          9
        </button>
        <button
          class="oper"
          type="button"
        >
          x
        </button>
        <button
          type="button"
        >
          4
        </button>
        <button
          type="button"
        >
          5
        </button>
        <button
          type="button"
        >
          6
        </button>
        <button
          class="oper"
          type="button"
        >
          -
        </button>
        <button
          type="button"
        >
          1
        </button>
        <button
          type="button"
        >
          2
        </button>
        <button
          type="button"
        >
          3
        </button>
        <button
          class="oper"
          type="button"
        >
          +
        </button>
        <button
          class="span-two"
          type="button"
        >
          0
        </button>
        <button
          type="button"
        >
          .
        </button>
        <button
          class="oper"
          type="button"
        >
          =
        </button>
      </div>
    </div>
  </div>
</div>
`;
