// Jest Snapshot v1, https://goo.gl/fbAQLP

exports[`should match Home componet snapshot 1`] = `
<DocumentFragment>
  <div
    class="container"
  >
    <h1>
      Welcome To Our Page
    </h1>
    <p>
      Dive into the world of numbers with our React-powered calculator website. Whether you're a math enthusiast or just looking for quick calculations, our user-friendly interface makes math a breeze. From simple sums to complex equations, Math Magician is your go-to tool for all things math. Start exploring today and unleash the magic of numbers! 
    </p>
  </div>
</DocumentFragment>
`;
