// Jest Snapshot v1, https://goo.gl/fbAQLP

exports[`matches snapshot 1`] = `
<div>
  <nav
    class="navigation"
  >
    <a
      href="/"
    >
      <h1
        class="logo"
      >
        Math Magician
      </h1>
    </a>
    <ul
      class="nav-list"
    >
      <li>
        <a
          href="/"
        >
          Home 
        </a>
      </li>
      <li>
        <a
          href="/Calculator"
        >
          Calculator
        </a>
      </li>
      <li>
        <a
          href="/Quotes"
        >
          Quotes
        </a>
      </li>
    </ul>
  </nav>
</div>
`;
